The 'add_integer' module
==========================

Using 'add_integer'
-------------------

>>> add_integer = __import__('0-add_integer').add_integer

# Test cases where 'a' and 'b' are integers or floats:
>>> add_integer(1, 2)
3

>>> add_integer(100, -2)
98

>>> add_integer(2)
100

>>> add_integer(100.3, -2)
98

>>> add_integer(4.5, 5.9)
10

# Test cases where 'a' or 'b' are not integers or floats:
>>> add_integer(4, "School")
Traceback (most recent call last):
  ...
TypeError: b must be an integer

>>> add_integer("a", 4)
Traceback (most recent call last):
  ...
TypeError: a must be an integer

# Test case where 'a' is missing:
>>> add_integer()
Traceback (most recent call last):
  ...
TypeError: add_integer() missing 1 required positional argument: 'a'